---
source: src/card.rs
expression: converted
---
---
cards-deck: obsidian-test
---

# Can this show images? 

Yes:

<img src='data:image/png;base64,iVBORw0KGgoAAAANSUhEUgAAAa8AAAEzCAYAAACGz4w5AAARCElEQVR4Ae3dW24jNxAFUDNf2v9eB/qcwHFs+CFLzRbJKpInwIwtqZusOqXgeqxX+fPnz98X/6UWKKW8/P1rTKmHpDgCBIYK/DN0N5udErhcLqfOcxIBAgRWFRBeE0z2er1OUOUTJTqVAAEClQLCqxLM4QQIECAQLyC84megAgIE4gVUMJmA8JpsYMolQIAAgZcX4bXhvaCUsmHXWiZAYCWBJcNrpQH16MWzF3uoWpMAgZECwmukdpK9PHsxySCUQYDAaQHhdZrOiQTuCbiNAIGeAsKrp661CRAgQKCLgPDqwmpRAgQIxAusXIHwWnm6eiNAgMCiAsJr0cFqiwABAisLCK9ZpqtOAgQIEPgQEF4fFL4hQIAAgVkEhNcsk1IngXgBFRBIIyC80oxCIQQIECBwVEB4HZVyHAECBAjEC/xfgfD6H8IXAgQIEJhHQHjNMyuVEiBA4KUUnwrxejcQXq8K/gQJ2JYAgVoBnwrxJia83hz8TYAAgSkEfCrE25iE15uDvwkQ2FRA23MKCK8556ZqAgQIbC0gvLYev+YJECAwp8Ba4TXnDFRNgAABApUCwqsSzOEECBAgEC8gvOJnoIK1BHRDgMAAAeE1ANkWBAgQINBWQHi19bQageYCpXhHheaoqy+4QX/Ca4Mha3FuAe+oMPf8jlZfih9Sjlq9Hie8XhX8IZBYwDsqJB5Ow9L8kFKHKbzqvAKOtiUBAjsI+CGlbsrCq87L0QQIECCQQEB4JRiCEghkF1AfgWwCW4dXKR4gzXaHVA8BAgSOCGwdXh4gPXIXcQwBAgQyCHytYevw8gDp1zuDSwQIEPgsUEre305tHV6fh+R7AgQIEPgqkPm3U8Lr66xcGiNgFwIEJhDI/Nsp4TXBHUiJBAgQIPBVQHh99XCJAIFdBPQ5tYDwmnp8iidAgMCeAsJrz7nrmgABAlMLLBJeU89A8QQIECBQKSC8KsEcToAAAQLxAsIrfgYqWERAGwQIjBMQXuOs7USAAAECjQSEVyNIyxAgQCBeYJ8KhNc+s9YpAQIElhEQXsuMUiMECBDYR0B45Z21yggQIEDgFwHh9QvMiKtLyftxAyP6twcBAgTOCgivs3INzsv8cQMN2rPECgJ6IJBUQHgFDibzxw0EstiaAAECDwWE10MiBxAgQIBAoMDNrYXXTRZXEiBAgEBmAeGVeTpqI0CAAIGbAsLrJosrewlYlwABAi0EhFcLRWsQIECAwBCBUt5eYiS8hnDbhACBPAIqmVng/SVGwmvmKaqdAAECmwm8v8RIeG02eO0SIEBgBYHZw2uFGeiBAAECBCoFhFclmMMJECBAIF5gm/Aq5e0ZKvHkKlhOQEMECAwX2Ca83p+hMlzYhgQIECDQXGCb8Hp/hkpzQQsSIEAgXmC7CrYJr+0mq2ECBAgsLCC8Fh6u1ggQILCqgPBKOFklESBAgMB9AeF138etBAgQIJBQQHglHIqSCMQLqIBAbgHhlXs+qiNAgACBGwLC6waKqwgQIEAgXuBeBcLrno7bCBAgQCClgPBKORZFESBAgMA9AeF1T8dt7QSsRIAAgYYCwqshpqUIECBAYIyA8BrjbBcCBOIFVLCQgPBaaJhaIUCAwC4CwmuXSeuTAAECCwlMG14LzUArBAgQIFApILwqwRxOgAABAvECwit+BiqYVkDhBAhECQivKHn7EggQKKUE7GpLAu0FhFd7UysSSCtwuVzS1qawcwK7niW8dp28vrcUuF6vW/at6fUEhNd6M9XRogKl+JXfoqPV1gkB4XUCrdspFiZwR8Cv/O7guGk7AeG13cg1PKuAX/nNOjl19xAQXj1UrUlgXgGVE5hCQHhNMSZFEiBAgMBnAeH1WePG96V4kPwGi6sIECDQT+DAysLrAZIHyR8AuZkAAQIBAsLrAboHyR8AuZkAAQIBAsIrAH2vLXVLgACB9gLCq72pFQkQIECgs4Dw6gxseQIE4gVUsJ6A8FpvpjoiQIDA8gLCa/kRa5AAAQLrCcwXXuvNQEcECBAgUCkgvCrBHE6AAAEC8QLCK34GKphPQMUECAQLCK/gAdieAAECBOoFhFe9mTMIECAQL7B5BcJr8zuA9gkQIDCjgPCacWpqJkCAwOYCwivFHUARBAgQIFAjILxqtBxLgAABAs0FSqn/3ETh1XwMFiQwp4CqCUQJnPncROEVNS37EiBAgMB/Amc+N1F4/UfnLwIECBCIFzhegfA6buVIAgQIEEgiILySDEIZBAgQIHBcQHgdt3JknYCjCRAg0E1AeHWjtTABAgQI9BIQXr1krUuAQLyACpYVEF7LjlZjBAgQWFdAeK07W50RIEBgWYGJwmvZGWiMAAECBCoFhFclmMMJECBAIF5AeMXPQAUTCSiVAIEcAsIrxxxUQYAAAQIVAsKrAsuhBAgQiBdQwauA8HpV8IcAAQIEphIQXlONS7EECBAg8CogvF4V4v7YmQABAgROCAivE2hOIUCAAIFYAeEV6293AvECKiAwoYDwmnBoSiZAgMDuAsJr93uA/gkQIBAvUF2B8KomcwIBAgQIRAsIr+gJ2J8AAQIEqgWEVzWZEx4JuJ0AAQK9BYRXb2HrEyBAgEBzAeHVnNSCBAjEC6hgdQHhtfqE9UeAAIEFBYTXgkPVEgECBFYXmCG8Vp+B/ggQIECgUkB4VYI5nAABAgTiBYRX/AxUMIOAGgkQSCUgvFKNQzEECBAgcERAeB1RcgwBAgTiBVTwSUB4fcLwLQECBAjMISC85piTKgkQIEDgk4Dw+oQx8lt7ESBAgMB5AeF13s6ZBAgQIBAkILyC4FfdtpSyamsL9qUlAvMKCK95Z5ey8svlkrIuRREgsJaA8FprnuHdXK/X8BoUQIDAPAJnKxVeZ+WcR4AAAQJhAsIrjN7GBAgQIHBW4Ed4leIB97OY258HgAABAoMEfoSXB9wHyduGAAECBE4L/AgvD7iftnQiAQLxAirYROBHeG3StzYJECBAYGIB4TXx8JROgACBXQVSh9euQ9H3MYFSPLnomJSjCKwnILzWm+k2HXly0Taj1iiBHwLC6weJK2YRGPPkolk01ElgLwHhtde8dUuAAIElBITXEmPUBAECKwvo7aeA8Ppp4hoCBAgQSC4gvJIPSHkECBAg8FNAeP006XuN1QncESjF0//v8LiJwIeA8Pqg8A2BeAFP/4+fwTMVlOKHj2f8as4VXjVajiXQWWDQ0/87d7Hv8n74GDd74TXO2k4ECCwu4IePcQMWXuOs7USAAAEC7wJPfhVeTwI6nQABAgTGCwiv8eZ2JECAAIEnBYTXk4BOfxXwhwABAmMFhNdYb7sRIECAQAMB4dUA0RIECMQLqGAvAeG117x1S4AAgSUEhNcSY9QEAQIE9hLIGV57zUC3BAgQIFApILwqwRxOgAABAvECwit+BirIKaAqAgQSCwivxMNRGgEC8QKleKf4+Cn8rEB4/TRxDQECBD4EQt8p/qMK33wXEF7fRVwmQIDAJwHvFP8JI9G3wivRMJRCgAABAscEhNcxpwZHWYIAAQIEWgkIr1aS1iFAgACBYQLCaxi1jQjEC6iAwCoCwmuVSeqDAAECGwkIr42GrVUCBAjEC7SpQHi1cbQKAQIECAwUEF4DsW1FgAABAm0EhFcbx11X0TcBAgRCBIRXCLtNCRAgQOAZAeH1jJ5zCRCIF1DBlgLCa8uxa5oAAQJzCwivueenegIECGwp0Dy8Snnms2+2nIGmCRAgQKBSoHl4+eybygk4nAABAgSqBZqHl8++qZ6BE5IJKIcAgfwCzcMrf8sqJECAAIHZBYTX7BNUPwECCwpo6ZGA8Hok5HYCBAgQSCcgvNKNREEECBAg8EhAeD0Sev52KxAgQIBAYwHh1RjUcgQIECDQX0B49Te2A4F4ARUQWExAeC02UO0QIEBgBwHhtcOU9UiAwGmBUrzl3Wm8ryc2vSS8mnJajACB1QS85V3OiQqvnHNRFQECSQS85V2SQXwrQ3h9A3HxmICjCBAgECkgvCL17U2AAAECpwSE1yk2JxEgEC+ggp0FhNfO09c7AQIEJhUQXpMOTtkECBDYWSBLeO08A70TIECAQKWA8KoEczgBAgQIxAsIr/gZqCCLgDoIEJhGQHhNMyqFEiBAgMC7gPB6l/CVAAEC8QIqOCggvA5COYwAAQIE8ggIrzyzUAkBAgQIHBQQXgehzhzmHAIECBDoIyC8+rhalQABAgQ6CgivjriWJhAvoAICawoIrzXnqisCBAgsLSC8lh6v5ggQIBAv0KOC6cKrlNLDwZoECBAgMJHAdOF1uVwm4lUqAQIECPQQmC68rtdrDwdrHhVwHAECBBIITBdeCcyUQIAAAQLBAqfDqxSPPQXPzvbJBUrx/0inEVmWwMvp8PLYk3sPgfsC/h+57+NWAs8IlD9//vx9ZgHnEiBAgACB0QKn/+XVqlDrECBAgACBWgHhVSvmeAIECBAIFxBe4SNQQLyACggQmE1AeM02MfUSIECAwPlnG7IjQIAAgXYCVqoT8C+vOi9HEyBAgEACAeGVYAhKIECAAIE6AeFV53XsaEcRIECAQFcB4dWV1+IECBAg0ENAePVQtSaBeAEVEFhaQHgtPd51myvFm96uO12dEXgsILweGzkioYA3vU04FCUR+C7Q8bLw6ohr6X4C1+u13+JWJkAgvYDwSj8iBRIgQIDAdwHh9V3E5V8EXE2AAIE8AsIrzyxUQoAAAQIHBYTXQSiHESAQL6ACAu8CwutdwlcCBAgQmEZAeE0zKoUSIECAwLtAXHi9V+ArAQIEHgiU4kXpD4i2u1l4bTdyDROYT8CL0uebWe+KhVdvYetnFlDbJAJelD7JoAaWKbwGYtuKAAECBNoICK82jlYhQIDAOQFnnRIQXqfYnETgd4FSPLngdx23EGgjILzaOFqFwIeAJxd8UPiGQDcB4dWU1mIEXl48ucC9gEB/AeHV39gOBAgQINBYQHg1BrUcgWgB+x8XKMXjk8e1ch0pvHLNQzUECAwU8PjkQOzGWwmvxqCWI0BgHgGPT/aaVf91hVd/YzsQIECAQGMB4dUY1HIECBAg0F9AePU3nn0H9RMgQCCdgPBKNxIFESBAgMAjAeH1SMjtBAjEC6iAwDcB4fUNxEUCBAgQyC8gvPLPSIUECBAg8E0gILy+VbDBxVK8in+DMWuRAIGBAsJrALZX8Q9AtgUBAlsJCK8B4/Yq/gHIlVs4nACBuQWE19zzUz0BAgS2FBBeW459jaZL8VjiGpPctQt9PyMgvJ7Rc26ogMcSQ/ltTiBU4HR4leKn3tDJ2dwnFrsPENhY4HR4+an3y73GBQIECBAYKHA6vDyDbuCUbEWAAAECXwROh9eXVVwgQCBeQAUENhIQXhMNuxSPM040LqUSINBRQHh1xG29tMcZW4tajwCBxgLDlhNew6if38jjjM8bWoEAgTUEhNcac9QFAQIEthIQXluNu65ZRxMgQCCrgPDKOhl1ESBAgMCvAsLrVxo3ECAQL6ACArcFhNdtF9cSIECAQGIB4ZV4OEojQIAAgdsCI8PrdgWuJUCAAAEClQLCqxLM4QQIECAQLyC84meggpEC9iJAYAkB4bXEGDVBgACBvQSE117z1i0BAvECKmggILwaIFqCAAECBMYKCK+x3nYjQIAAgQYCwutJRKcTIECAwHgB4TXe3I4EwgVK8cGm4UNQwFMCwuspPicTyCBQX8Plcqk/yRkEEgkIr0TDUAqBUQI+2HSUtH16CQivXrLWJUCAwEYCo1sVXqPF7UeAAAECTwsIr6cJLUCAAAECowWE12jxGfZTIwECBJIL/AvQtW1UWmiWUQAAAABJRU5ErkJggg'>

