---
source: src/card.rs
expression: converted
---

        ### Wie kann man von \(\mathbb R ^{\mathbb N}\) ausgehend einen Vektorraum konstruieren?
