---
source: src/card.rs
expression: converted
---
this is a term.
