---
source: src/parser.rs
expression: content
---
Graph {
    Ty: "Directed",
    node_count: 14,
    edge_count: 12,
    edges: (0, 1), (0, 2), (3, 4), (3, 5), (5, 6), (5, 7), (7, 8), (7, 9), (7, 10), (3, 11), (11, 12), (12, 13),
    node weights: {
        0: HeaderWithContent {
            level: 2,
            header: "## Header 2",
            content: [
                "",
                "Text 1",
                "",
            ],
        },
        1: HeaderWithContent {
            level: 5,
            header: "##### Header 5",
            content: [
                "",
                "Text 2",
                "",
            ],
        },
        2: HeaderWithContent {
            level: 3,
            header: "### Header 3",
            content: [
                "",
                "Text 3",
                "",
                "---",
                "",
            ],
        },
        3: HeaderWithContent {
            level: 1,
            header: "# H1",
            content: [
                "",
                "A",
                "",
            ],
        },
        4: HeaderWithContent {
            level: 2,
            header: "## H2",
            content: [
                "",
                "B",
                "",
            ],
        },
        5: HeaderWithContent {
            level: 2,
            header: "## H2",
            content: [
                "Content",
            ],
        },
        6: HeaderWithContent {
            level: 3,
            header: "### H3",
            content: [
                "Content",
            ],
        },
        7: HeaderWithContent {
            level: 3,
            header: "### H3",
            content: [
                "Content",
            ],
        },
        8: HeaderWithContent {
            level: 4,
            header: "#### H4",
            content: [
                "Content",
            ],
        },
        9: HeaderWithContent {
            level: 4,
            header: "#### H4",
            content: [
                "Content",
            ],
        },
        10: HeaderWithContent {
            level: 4,
            header: "#### H4",
            content: [
                "Content",
                "",
            ],
        },
        11: HeaderWithContent {
            level: 2,
            header: "## H2",
            content: [
                "Content",
            ],
        },
        12: HeaderWithContent {
            level: 3,
            header: "### H3",
            content: [
                "Content",
            ],
        },
        13: HeaderWithContent {
            level: 4,
            header: "#### H4",
            content: [
                "Content",
            ],
        },
    },
    edge weights: {
        0: 5,
        1: 3,
        2: 2,
        3: 2,
        4: 3,
        5: 3,
        6: 4,
        7: 4,
        8: 4,
        9: 2,
        10: 3,
        11: 4,
    },
}
