---
source: src/parser.rs
expression: content
---
Some(
    FileHeader {
        cards_deck: "deck-name",
    },
)
